// Jest Snapshot v1, https://goo.gl/fbAQLP

exports[`Should NoFavorites render correctly 1`] = `
<div
  className="favorites__status-wrapper"
>
  <b
    className="favorites__status"
  >
    Nothing yet saved.
  </b>
  <p
    className="favorites__status-description"
  >
    Save properties to narrow down search or plan yor future trips.
  </p>
</div>
`;
