// Jest Snapshot v1, https://goo.gl/fbAQLP

exports[`withActiveState render correctly withActiveState render correctly with flag true 1`] = `null`;

exports[`withActiveState render correctly withActiveState render correctly without flag true 1`] = `null`;
