// Jest Snapshot v1, https://goo.gl/fbAQLP

exports[`PrivateRoute render PrivateRoute with authorization 1`] = `null`;

exports[`PrivateRoute render PrivateRoute without authorization 1`] = `null`;
