// Jest Snapshot v1, https://goo.gl/fbAQLP

exports[`Should BookmarkButton render correctly Should BookmarkButton render correctly with isActive 1`] = `
<button
  className="undefined__bookmark-button button undefined__bookmark-button--active"
  onClick={[Function]}
  type="button"
>
  <svg
    className="place-card__bookmark-icon"
    height={19}
    width={18}
  >
    <use
      xlinkHref="#icon-bookmark"
    />
  </svg>
  <span
    className="visually-hidden"
  >
    In bookmarks
  </span>
</button>
`;

exports[`Should BookmarkButton render correctly Should BookmarkButton render correctly without isActive 1`] = `
<button
  className="undefined__bookmark-button button undefined__bookmark-button--active"
  onClick={[Function]}
  type="button"
>
  <svg
    className="place-card__bookmark-icon"
    height={19}
    width={18}
  >
    <use
      xlinkHref="#icon-bookmark"
    />
  </svg>
  <span
    className="visually-hidden"
  >
    In bookmarks
  </span>
</button>
`;
