// Jest Snapshot v1, https://goo.gl/fbAQLP

exports[`Should OfferPage render correctly Should OfferPage render correctly with offer 1`] = `
<div
  className="page"
>
  <header
    className="header"
  >
    <div
      className="container"
    >
      <div
        className="header__wrapper"
      >
        <div
          className="header__left"
        >
          <a
            className="header__logo-link header__logo-link--active"
            href="/"
            onClick={[Function]}
          >
            <img
              alt="6 cities logo"
              className="header__logo"
              height="41"
              src="/img/logo.svg"
              width="81"
            />
          </a>
        </div>
        <nav
          className="header__nav"
        >
          <ul
            className="header__nav-list"
          >
            <li
              className="header__nav-item user"
            >
              <a
                className="header__nav-link header__nav-link--profile"
                href="/favorites"
                onClick={[Function]}
              >
                <div
                  className="header__avatar-wrapper user__avatar-wrapper"
                />
                <span
                  className="header__user-name user__name"
                >
                  foxspb@yandex.ru
                </span>
              </a>
            </li>
          </ul>
        </nav>
      </div>
    </div>
  </header>
  <main
    className="page__main page__main--property"
  >
    <section
      className="property"
    >
      <div
        style={
          Object {
            "alignItems": "center",
            "display": "flex",
            "flexDirection": "column",
            "fontSize": "38px",
            "fontStyle": "oblique",
            "fontWeight": 700,
            "justifyContent": "flex-start",
            "lineHeight": 0.7,
            "margin": "20px",
            "padding": "30px",
            "textAlign": "center",
            "width": "100%",
          }
        }
      >
        <h3
          style={
            Object {
              "alignItems": "center",
              "display": "flex",
              "justifyContent": "space-between",
            }
          }
        >
          <img
            alt="logo"
            height="50"
            src="/img/logo.svg"
            style={
              Object {
                "marginRight": "20px",
              }
            }
            width="100"
          />
          <svg
            height="100%"
            version="1.1"
            width="100%"
            xmlns="http://www.w3.org/2000/svg"
            xmlnsXlink="http://www.w3.org/1999/xlink"
          >
            <path
              id="path"
            >
              <animate
                attributeName="d"
                begin="0s"
                dur="3s"
                from="m0,110 h0"
                repeatCount="indefinite"
                to="m0,110 h1100"
              />
            </path>
            <text
              fill="black"
            >
              <textPath
                xlinkHref="#path"
              >
                Loading...
              </textPath>
            </text>
          </svg>
        </h3>
      </div>
      <div
        style={
          Object {
            "alignItems": "center",
            "display": "flex",
            "flexDirection": "column",
            "fontSize": "38px",
            "fontStyle": "oblique",
            "fontWeight": 700,
            "justifyContent": "flex-start",
            "lineHeight": 0.7,
            "margin": "20px",
            "padding": "30px",
            "textAlign": "center",
            "width": "100%",
          }
        }
      >
        <h3
          style={
            Object {
              "alignItems": "center",
              "display": "flex",
              "justifyContent": "space-between",
            }
          }
        >
          <img
            alt="logo"
            height="50"
            src="/img/logo.svg"
            style={
              Object {
                "marginRight": "20px",
              }
            }
            width="100"
          />
          <svg
            height="100%"
            version="1.1"
            width="100%"
            xmlns="http://www.w3.org/2000/svg"
            xmlnsXlink="http://www.w3.org/1999/xlink"
          >
            <path
              id="path"
            >
              <animate
                attributeName="d"
                begin="0s"
                dur="3s"
                from="m0,110 h0"
                repeatCount="indefinite"
                to="m0,110 h1100"
              />
            </path>
            <text
              fill="black"
            >
              <textPath
                xlinkHref="#path"
              >
                Loading...
              </textPath>
            </text>
          </svg>
        </h3>
      </div>
    </section>
    <div
      className="container"
    >
      <section
        className="near-places places"
      >
        <h2
          className="near-places__title"
        >
          Other places in the neighbourhood
        </h2>
        <div
          style={
            Object {
              "alignItems": "center",
              "display": "flex",
              "flexDirection": "column",
              "fontSize": "38px",
              "fontStyle": "oblique",
              "fontWeight": 700,
              "justifyContent": "flex-start",
              "lineHeight": 0.7,
              "margin": "20px",
              "padding": "30px",
              "textAlign": "center",
              "width": "100%",
            }
          }
        >
          <h3
            style={
              Object {
                "alignItems": "center",
                "display": "flex",
                "justifyContent": "space-between",
              }
            }
          >
            <img
              alt="logo"
              height="50"
              src="/img/logo.svg"
              style={
                Object {
                  "marginRight": "20px",
                }
              }
              width="100"
            />
            <svg
              height="100%"
              version="1.1"
              width="100%"
              xmlns="http://www.w3.org/2000/svg"
              xmlnsXlink="http://www.w3.org/1999/xlink"
            >
              <path
                id="path"
              >
                <animate
                  attributeName="d"
                  begin="0s"
                  dur="3s"
                  from="m0,110 h0"
                  repeatCount="indefinite"
                  to="m0,110 h1100"
                />
              </path>
              <text
                fill="black"
              >
                <textPath
                  xlinkHref="#path"
                >
                  Loading...
                </textPath>
              </text>
            </svg>
          </h3>
        </div>
      </section>
    </div>
  </main>
</div>
`;
