// Jest Snapshot v1, https://goo.gl/fbAQLP

exports[`Should OfferHost render correctly 1`] = `
<div
  className="property__host"
>
  <h2
    className="property__host-title"
  >
    Meet the host
  </h2>
  <div
    className="property__host-user user"
  >
    <div
      className="property__avatar-wrapper  user__avatar-wrapper "
    >
      <img
        alt="Host avatar"
        className="property__avatar user__avatar"
        height="74"
        src="img/avatar-angelina.jpg"
        width="74"
      />
    </div>
    <span
      className="property__user-name"
    >
      Host
    </span>
  </div>
  <div
    className="property__description"
  >
    <p
      className="property__text"
    >
      An independent House, strategically located between Rembrand Square and National Opera, but where the bustle of the city comes to rest in this alley flowery and colorful.
    </p>
  </div>
</div>
`;
