// Jest Snapshot v1, https://goo.gl/fbAQLP

exports[`Should OfferFeatures render correctly Should OfferFeatures render correctly with bedrooms and adults 1`] = `
<ul
  className="property__features"
>
  <li
    className="property__feature property__feature--entire"
  >
    Apartment
  </li>
  <li
    className="property__feature property__feature--bedrooms"
  >
    3
     Bedrooms
  </li>
  <li
    className="property__feature property__feature--adults"
  >
    Max 
    4
     adults
  </li>
</ul>
`;

exports[`Should OfferFeatures render correctly Should OfferFeatures render correctly without bedrooms and adults 1`] = `
<ul
  className="property__features"
>
  <li
    className="property__feature property__feature--entire"
  >
    Apartment
  </li>
  <li
    className="property__feature property__feature--bedrooms"
  >
     Bedrooms
  </li>
  <li
    className="property__feature property__feature--adults"
  >
    Max 
     adults
  </li>
</ul>
`;
