// Jest Snapshot v1, https://goo.gl/fbAQLP

exports[`Should NotFoundPage render correctly 1`] = `
<main
  className="page__main page__main--index page__main--index-empty"
>
  <div
    className="cities"
  >
    <div
      className="cities__places-container cities__places-container--empty container"
    >
      <section
        className="cities__no-places"
      >
        <div
          className="cities__status-wrapper tabs__content"
        >
          <b
            className="cities__status"
          >
            Page not found
          </b>
          <p
            className="cities__status-description"
          >
            Click button to visit the main page
          </p>
          <a
            className="button form__submit"
            href="/"
            onClick={[Function]}
          >
            Go to the main page
          </a>
        </div>
      </section>
      <div
        className="cities__right-section"
      />
    </div>
  </div>
</main>
`;
